// Jest Snapshot v1, https://goo.gl/fbAQLP

exports[`With Snapshot Testing Footer renders without crashing 1`] = `
<footer>
  <a
    href="/"
    onClick={[Function]}
    onMouseEnter={[Function]}
    style={
      Object {
        "marginRight": 15,
      }
    }
  >
    link
  </a>
  <a
    href="/about"
    onClick={[Function]}
    onMouseEnter={[Function]}
    style={
      Object {
        "marginRight": 15,
      }
    }
  >
    link
  </a>
</footer>
`;
